missing=40
remain=2
MISS const title = `${pet.name?.trim() || pet.breed || t.pet.animalType[pet.animalType]} ? ??????? ??????
MISS const description = `${adoptionSeo} · ${pet.city}. ???????? ??????? ?? ?????? ?? DorogaDomoy.by`;
MISS {currentCampaign.help_details?.trim() || '????? ???? ?? ??????? ?????????? ?? ????????.'}
MISS {showHelpDetails ? '?????? ?????????' : '??? ??????'}
MISS ? ???????? ??????? ?? ??????? ??????? ? ??????????? ? ???????? ?????{' '}
MISS <>???????? ????????, ????? ?? ??????? ?????.</>
MISS aria-label={`${t.pet.genderLabel}: ${t.pet.gender[pet.gender]}. ????????: ${health}`}
MISS aria-label="??????? ??????? ???????"
MISS aria-label="?????????? ???????"
MISS aria-label="????????? ???????"
MISS aria-label="?????????? ????"
MISS aria-label="????????? ????"
MISS aria-label={`???? ${idx + 1}`}
MISS <h2 className="typo-h2 mb-4 max-lg:hidden">? ???????</h2>
MISS <h2 className="typo-h2 mb-4">????????</h2>
MISS <h2 className="typo-h2">??????? ??????</h2>
MISS <h2 className="typo-h2">???? ???????</h2>
MISS                         ???????? ??????
MISS                           ???????? ??????
MISS                       ???????: {item.close_reason}
MISS                 ?????????: {formatCalendarDate(new Date(currentCampaign.updated_at))}
MISS                   ????: ?? {formatCalendarDate(currentCampaignEndsAt)}
MISS             <p className="mt-3 text-sm text-muted-foreground">????????? ?????...</p>
MISS               <p className="text-muted-foreground">????????? ????? ???? ???.</p>
MISS                 <span className="rounded-full bg-primary/10 px-3 py-1 text-xs font-semibold text-pri
MISS                     <span className="text-xs text-muted-foreground">????????</span>
MISS                   <div className="flex size-full items-center justify-center text-muted-foreground">
MISS                   <p><span className="text-muted-foreground">??????: </span>{coat}</p>
MISS                 <p><span className="text-muted-foreground">????????: </span>{progressPercent}%</p>
MISS                 <p><span className="text-muted-foreground">???????: </span>{currentCampaign.collecte
MISS                 <p><span className="text-muted-foreground">????: </span>{currentCampaign.goal_amount
MISS                       <Globe className="size-5" />
                      ???? ??????
MISS                       <span title={`????????: ${health}`} className="inline-flex text-rose-500">
MISS                 ??????? ?????
              </button>
            </div>
MISS           ??????? ?????
        </button>
      </div>
MISS                 ? ???????
              </button>
MISS           ????
        </button>
        <button
          type="button"
          onClick={() => se
MISS                 ????
              </button>
              <button
                type="button"
   
MISS           ??????? ?????
MISS                 ??????? ?????
REM 532 Сбор??? ?????
REM 762 Сбор??? ?????